2026-08-26 16:18:00.106: [INFO] OnDoneLoading sync enabled: 0
2026-08-26 16:34:29.753: [INFO] OnDoneLoading sync enabled: 0
2026-08-26 16:54:37.472: [INFO] OnDoneLoading sync enabled: 0
2026-08-26 16:54:58.563: [INFO] OnDoneLoading sync enabled: 0
2026-08-26 16:55:09.749: [INFO] OnDoneLoading sync enabled: 0
2026-08-26 16:58:40.067: [INFO] OnDoneLoading sync enabled: 0
2026-08-26 17:04:47.795: [INFO] OnDoneLoading sync enabled: 0
2026-08-26 17:09:53.158: [INFO] OnDoneLoading sync enabled: 0
2026-08-26 17:10:30.796: [INFO] OnDoneLoading sync enabled: 0
2026-08-26 17:11:48.427: [INFO] OnDoneLoading sync enabled: 0
2026-08-26 18:02:50.244: [INFO] OnDoneLoading sync enabled: 0
2026-08-26 18:04:53.169: [INFO] OnDoneLoading sync enabled: 0
2026-08-26 18:09:47.005: [INFO] OnDoneLoading sync enabled: 0
2026-08-26 18:12:20.280: [INFO] OnDoneLoading sync enabled: 0
2026-08-26 18:12:24.506: [INFO] OnDoneLoading sync enabled: 0
2026-08-26 18:14:27.667: [INFO] OnDoneLoading sync enabled: 0
2026-08-26 18:14:35.021: [INFO] OnDoneLoading sync enabled: 0
2026-08-26 18:16:16.405: [INFO] OnDoneLoading sync enabled: 0
2026-08-26 18:16:30.709: [INFO] OnDoneLoading sync enabled: 0
2026-08-26 18:20:23.743: [INFO] OnDoneLoading sync enabled: 0
2026-08-26 18:21:14.378: [INFO] OnDoneLoading sync enabled: 0
2026-08-26 18:21:35.035: [INFO] OnDoneLoading sync enabled: 0
2026-08-26 18:22:27.402: [INFO] OnDoneLoading sync enabled: 0
2026-08-26 18:23:07.859: [INFO] OnDoneLoading sync enabled: 0
2026-08-26 18:24:44.356: [INFO] OnDoneLoading sync enabled: 0
2026-08-26 18:30:07.789: [INFO] OnDoneLoading sync enabled: 0
2026-08-31 02:18:34.940: [INFO] CurrentProfilePath: C:\Users\aaron\OneDrive\Desktop\S2-2\S2-2\.metadata\.plugins\org.eclipse.swt\EBWebView\Default
2026-08-31 02:18:34.940: [INFO] Profiles total count: 1
2026-08-31 02:18:34.941: [INFO] Profile: name=Perfil 1 path=C:\Users\aaron\OneDrive\Desktop\S2-2\S2-2\.metadata\.plugins\org.eclipse.swt\EBWebView\Default lastActive=2026-08-26T17:10:04.730Z
2026-08-31 02:18:34.941: [INFO] LastUsedProfileDir: C:\Users\aaron\OneDrive\Desktop\S2-2\S2-2\.metadata\.plugins\org.eclipse.swt\EBWebView\Default
2026-08-31 02:18:34.941: [INFO] MostRecentlyActiveProfile: name=Perfil 1 path=C:\Users\aaron\OneDrive\Desktop\S2-2\S2-2\.metadata\.plugins\org.eclipse.swt\EBWebView\Default lastActive=2026-08-26T17:10:04.730Z
2026-08-31 02:18:34.941: [INFO] OnDoneLoading sync enabled: 0
2026-08-31 02:18:34.941: [INFO] BookmarkModelLoaded, ids_reassigned: 0
2026-08-31 02:18:34.941: [INFO] BookmarksLoadDropped droppedNodes=0
2026-08-31 02:18:34.941: [INFO] BookmarksSnapshot Startup total=0 bar=0 other=0 mobile=0 showBar=0 showBarNTP=1
2026-08-31 02:19:27.586: [INFO] BookmarksSnapshot Shutdown total=0 bar=0 other=0 mobile=0 showBar=0 showBarNTP=1
