2026-09-01 12:41:51.469: [INFO] CurrentProfilePath: C:\Users\UPN\Desktop\Nueva carpeta\.metadata\.plugins\org.eclipse.swt\EBWebView\Default
2026-09-01 12:41:51.469: [INFO] Profiles total count: 1
2026-09-01 12:41:51.469: [INFO] Profile: name=Perfil 1 path=C:\Users\UPN\Desktop\Nueva carpeta\.metadata\.plugins\org.eclipse.swt\EBWebView\Default lastActive=null
2026-09-01 12:41:51.469: [INFO] LastUsedProfileDir: C:\Users\UPN\Desktop\Nueva carpeta\.metadata\.plugins\org.eclipse.swt\EBWebView\Default
2026-09-01 12:41:51.469: [INFO] OnDoneLoading sync enabled: 0
2026-09-01 12:41:51.469: [INFO] BookmarkModelLoaded, ids_reassigned: 0
2026-09-01 12:41:51.470: [INFO] BookmarksLoadDropped droppedNodes=0
2026-09-01 12:41:51.470: [INFO] BookmarksSnapshot Startup total=0 bar=0 other=0 mobile=0 showBar=0 showBarNTP=1
2026-09-01 12:41:56.979: [INFO] BookmarksSnapshot Shutdown total=0 bar=0 other=0 mobile=0 showBar=0 showBarNTP=1
2026-09-01 12:46:51.481: [INFO] CurrentProfilePath: C:\Users\UPN\Desktop\Nueva carpeta\.metadata\.plugins\org.eclipse.swt\EBWebView\Default
2026-09-01 12:46:51.481: [INFO] Profiles total count: 1
2026-09-01 12:46:51.481: [INFO] Profile: name=Perfil 1 path=C:\Users\UPN\Desktop\Nueva carpeta\.metadata\.plugins\org.eclipse.swt\EBWebView\Default lastActive=2026-09-01T12:41:53.867Z
2026-09-01 12:46:51.481: [INFO] LastUsedProfileDir: C:\Users\UPN\Desktop\Nueva carpeta\.metadata\.plugins\org.eclipse.swt\EBWebView\Default
2026-09-01 12:46:51.481: [INFO] MostRecentlyActiveProfile: name=Perfil 1 path=C:\Users\UPN\Desktop\Nueva carpeta\.metadata\.plugins\org.eclipse.swt\EBWebView\Default lastActive=2026-09-01T12:41:53.867Z
2026-09-01 12:46:51.481: [INFO] OnDoneLoading sync enabled: 0
2026-09-01 12:46:51.481: [INFO] BookmarkModelLoaded, ids_reassigned: 0
2026-09-01 12:46:51.481: [INFO] BookmarksLoadDropped droppedNodes=0
2026-09-01 12:46:51.481: [INFO] BookmarksSnapshot Startup total=0 bar=0 other=0 mobile=0 showBar=0 showBarNTP=1
2026-09-01 12:58:56.289: [INFO] BookmarksSnapshot Shutdown total=0 bar=0 other=0 mobile=0 showBar=0 showBarNTP=1
2026-09-01 12:59:02.136: [INFO] CurrentProfilePath: C:\Users\UPN\Desktop\Nueva carpeta\.metadata\.plugins\org.eclipse.swt\EBWebView\Default
2026-09-01 12:59:02.136: [INFO] Profiles total count: 1
2026-09-01 12:59:02.136: [INFO] Profile: name=Perfil 1 path=C:\Users\UPN\Desktop\Nueva carpeta\.metadata\.plugins\org.eclipse.swt\EBWebView\Default lastActive=2026-09-01T12:41:53.867Z
2026-09-01 12:59:02.136: [INFO] LastUsedProfileDir: C:\Users\UPN\Desktop\Nueva carpeta\.metadata\.plugins\org.eclipse.swt\EBWebView\Default
2026-09-01 12:59:02.136: [INFO] MostRecentlyActiveProfile: name=Perfil 1 path=C:\Users\UPN\Desktop\Nueva carpeta\.metadata\.plugins\org.eclipse.swt\EBWebView\Default lastActive=2026-09-01T12:41:53.867Z
2026-09-01 12:59:02.136: [INFO] OnDoneLoading sync enabled: 0
2026-09-01 12:59:02.136: [INFO] BookmarkModelLoaded, ids_reassigned: 0
2026-09-01 12:59:02.136: [INFO] BookmarksLoadDropped droppedNodes=0
2026-09-01 12:59:02.136: [INFO] BookmarksSnapshot Startup total=0 bar=0 other=0 mobile=0 showBar=0 showBarNTP=1
2026-09-01 13:29:59.492: [INFO] BookmarksSnapshot Shutdown total=0 bar=0 other=0 mobile=0 showBar=0 showBarNTP=1
2026-09-01 13:30:49.796: [INFO] CurrentProfilePath: C:\Users\UPN\Desktop\Nueva carpeta\.metadata\.plugins\org.eclipse.swt\EBWebView\Default
2026-09-01 13:30:49.796: [INFO] Profiles total count: 1
2026-09-01 13:30:49.796: [INFO] Profile: name=Perfil 1 path=C:\Users\UPN\Desktop\Nueva carpeta\.metadata\.plugins\org.eclipse.swt\EBWebView\Default lastActive=2026-09-01T12:41:53.867Z
2026-09-01 13:30:49.796: [INFO] LastUsedProfileDir: C:\Users\UPN\Desktop\Nueva carpeta\.metadata\.plugins\org.eclipse.swt\EBWebView\Default
2026-09-01 13:30:49.796: [INFO] MostRecentlyActiveProfile: name=Perfil 1 path=C:\Users\UPN\Desktop\Nueva carpeta\.metadata\.plugins\org.eclipse.swt\EBWebView\Default lastActive=2026-09-01T12:41:53.867Z
2026-09-01 13:30:49.796: [INFO] OnDoneLoading sync enabled: 0
2026-09-01 13:30:49.796: [INFO] BookmarkModelLoaded, ids_reassigned: 0
2026-09-01 13:30:49.796: [INFO] BookmarksLoadDropped droppedNodes=0
2026-09-01 13:30:49.796: [INFO] BookmarksSnapshot Startup total=0 bar=0 other=0 mobile=0 showBar=0 showBarNTP=1
2026-09-01 13:30:49.891: [INFO] BookmarksSnapshot Shutdown total=0 bar=0 other=0 mobile=0 showBar=0 showBarNTP=1
2026-09-01 13:31:19.076: [INFO] CurrentProfilePath: C:\Users\UPN\Desktop\Nueva carpeta\.metadata\.plugins\org.eclipse.swt\EBWebView\Default
2026-09-01 13:31:19.076: [INFO] Profiles total count: 1
2026-09-01 13:31:19.076: [INFO] Profile: name=Perfil 1 path=C:\Users\UPN\Desktop\Nueva carpeta\.metadata\.plugins\org.eclipse.swt\EBWebView\Default lastActive=2026-09-01T12:41:53.867Z
2026-09-01 13:31:19.076: [INFO] LastUsedProfileDir: C:\Users\UPN\Desktop\Nueva carpeta\.metadata\.plugins\org.eclipse.swt\EBWebView\Default
2026-09-01 13:31:19.076: [INFO] MostRecentlyActiveProfile: name=Perfil 1 path=C:\Users\UPN\Desktop\Nueva carpeta\.metadata\.plugins\org.eclipse.swt\EBWebView\Default lastActive=2026-09-01T12:41:53.867Z
2026-09-01 13:31:19.076: [INFO] OnDoneLoading sync enabled: 0
2026-09-01 13:31:19.076: [INFO] BookmarkModelLoaded, ids_reassigned: 0
2026-09-01 13:31:19.076: [INFO] BookmarksLoadDropped droppedNodes=0
2026-09-01 13:31:19.076: [INFO] BookmarksSnapshot Startup total=0 bar=0 other=0 mobile=0 showBar=0 showBarNTP=1
2026-09-01 13:31:38.699: [INFO] BookmarksSnapshot Shutdown total=0 bar=0 other=0 mobile=0 showBar=0 showBarNTP=1
2026-09-01 13:31:45.444: [INFO] CurrentProfilePath: C:\Users\UPN\Desktop\Nueva carpeta\.metadata\.plugins\org.eclipse.swt\EBWebView\Default
2026-09-01 13:31:45.444: [INFO] Profiles total count: 1
2026-09-01 13:31:45.444: [INFO] Profile: name=Perfil 1 path=C:\Users\UPN\Desktop\Nueva carpeta\.metadata\.plugins\org.eclipse.swt\EBWebView\Default lastActive=2026-09-01T12:41:53.867Z
2026-09-01 13:31:45.444: [INFO] LastUsedProfileDir: C:\Users\UPN\Desktop\Nueva carpeta\.metadata\.plugins\org.eclipse.swt\EBWebView\Default
2026-09-01 13:31:45.444: [INFO] MostRecentlyActiveProfile: name=Perfil 1 path=C:\Users\UPN\Desktop\Nueva carpeta\.metadata\.plugins\org.eclipse.swt\EBWebView\Default lastActive=2026-09-01T12:41:53.867Z
2026-09-01 13:31:45.444: [INFO] OnDoneLoading sync enabled: 0
2026-09-01 13:31:45.444: [INFO] BookmarkModelLoaded, ids_reassigned: 0
2026-09-01 13:31:45.444: [INFO] BookmarksLoadDropped droppedNodes=0
2026-09-01 13:31:45.444: [INFO] BookmarksSnapshot Startup total=0 bar=0 other=0 mobile=0 showBar=0 showBarNTP=1
2026-09-01 13:32:10.415: [INFO] BookmarksSnapshot Shutdown total=0 bar=0 other=0 mobile=0 showBar=0 showBarNTP=1
2026-09-01 13:33:19.367: [INFO] CurrentProfilePath: C:\Users\UPN\Desktop\Nueva carpeta\.metadata\.plugins\org.eclipse.swt\EBWebView\Default
2026-09-01 13:33:19.367: [INFO] Profiles total count: 1
2026-09-01 13:33:19.367: [INFO] Profile: name=Perfil 1 path=C:\Users\UPN\Desktop\Nueva carpeta\.metadata\.plugins\org.eclipse.swt\EBWebView\Default lastActive=2026-09-01T12:41:53.867Z
2026-09-01 13:33:19.367: [INFO] LastUsedProfileDir: C:\Users\UPN\Desktop\Nueva carpeta\.metadata\.plugins\org.eclipse.swt\EBWebView\Default
2026-09-01 13:33:19.367: [INFO] MostRecentlyActiveProfile: name=Perfil 1 path=C:\Users\UPN\Desktop\Nueva carpeta\.metadata\.plugins\org.eclipse.swt\EBWebView\Default lastActive=2026-09-01T12:41:53.867Z
2026-09-01 13:33:19.367: [INFO] OnDoneLoading sync enabled: 0
2026-09-01 13:33:19.367: [INFO] BookmarkModelLoaded, ids_reassigned: 0
2026-09-01 13:33:19.367: [INFO] BookmarksLoadDropped droppedNodes=0
2026-09-01 13:33:19.367: [INFO] BookmarksSnapshot Startup total=0 bar=0 other=0 mobile=0 showBar=0 showBarNTP=1
2026-09-01 13:33:23.262: [INFO] BookmarksSnapshot Shutdown total=0 bar=0 other=0 mobile=0 showBar=0 showBarNTP=1
2026-09-01 13:34:00.553: [INFO] CurrentProfilePath: C:\Users\UPN\Desktop\Nueva carpeta\.metadata\.plugins\org.eclipse.swt\EBWebView\Default
2026-09-01 13:34:00.553: [INFO] Profiles total count: 1
2026-09-01 13:34:00.553: [INFO] Profile: name=Perfil 1 path=C:\Users\UPN\Desktop\Nueva carpeta\.metadata\.plugins\org.eclipse.swt\EBWebView\Default lastActive=2026-09-01T12:41:53.867Z
2026-09-01 13:34:00.553: [INFO] LastUsedProfileDir: C:\Users\UPN\Desktop\Nueva carpeta\.metadata\.plugins\org.eclipse.swt\EBWebView\Default
2026-09-01 13:34:00.553: [INFO] MostRecentlyActiveProfile: name=Perfil 1 path=C:\Users\UPN\Desktop\Nueva carpeta\.metadata\.plugins\org.eclipse.swt\EBWebView\Default lastActive=2026-09-01T12:41:53.867Z
2026-09-01 13:34:00.553: [INFO] OnDoneLoading sync enabled: 0
2026-09-01 13:34:00.553: [INFO] BookmarkModelLoaded, ids_reassigned: 0
2026-09-01 13:34:00.553: [INFO] BookmarksLoadDropped droppedNodes=0
2026-09-01 13:34:00.553: [INFO] BookmarksSnapshot Startup total=0 bar=0 other=0 mobile=0 showBar=0 showBarNTP=1
2026-09-01 13:34:00.597: [INFO] BookmarksSnapshot Shutdown total=0 bar=0 other=0 mobile=0 showBar=0 showBarNTP=1
2026-09-01 13:34:11.025: [INFO] CurrentProfilePath: C:\Users\UPN\Desktop\Nueva carpeta\.metadata\.plugins\org.eclipse.swt\EBWebView\Default
2026-09-01 13:34:11.025: [INFO] Profiles total count: 1
2026-09-01 13:34:11.025: [INFO] Profile: name=Perfil 1 path=C:\Users\UPN\Desktop\Nueva carpeta\.metadata\.plugins\org.eclipse.swt\EBWebView\Default lastActive=2026-09-01T12:41:53.867Z
2026-09-01 13:34:11.025: [INFO] LastUsedProfileDir: C:\Users\UPN\Desktop\Nueva carpeta\.metadata\.plugins\org.eclipse.swt\EBWebView\Default
2026-09-01 13:34:11.025: [INFO] MostRecentlyActiveProfile: name=Perfil 1 path=C:\Users\UPN\Desktop\Nueva carpeta\.metadata\.plugins\org.eclipse.swt\EBWebView\Default lastActive=2026-09-01T12:41:53.867Z
2026-09-01 13:34:11.025: [INFO] OnDoneLoading sync enabled: 0
2026-09-01 13:34:11.025: [INFO] BookmarkModelLoaded, ids_reassigned: 0
2026-09-01 13:34:11.025: [INFO] BookmarksLoadDropped droppedNodes=0
2026-09-01 13:34:11.025: [INFO] BookmarksSnapshot Startup total=0 bar=0 other=0 mobile=0 showBar=0 showBarNTP=1
2026-09-01 13:34:27.796: [INFO] BookmarksSnapshot Shutdown total=0 bar=0 other=0 mobile=0 showBar=0 showBarNTP=1
2026-09-01 13:34:33.598: [INFO] CurrentProfilePath: C:\Users\UPN\Desktop\Nueva carpeta\.metadata\.plugins\org.eclipse.swt\EBWebView\Default
2026-09-01 13:34:33.598: [INFO] Profiles total count: 1
2026-09-01 13:34:33.598: [INFO] Profile: name=Perfil 1 path=C:\Users\UPN\Desktop\Nueva carpeta\.metadata\.plugins\org.eclipse.swt\EBWebView\Default lastActive=2026-09-01T12:41:53.867Z
2026-09-01 13:34:33.598: [INFO] LastUsedProfileDir: C:\Users\UPN\Desktop\Nueva carpeta\.metadata\.plugins\org.eclipse.swt\EBWebView\Default
2026-09-01 13:34:33.598: [INFO] MostRecentlyActiveProfile: name=Perfil 1 path=C:\Users\UPN\Desktop\Nueva carpeta\.metadata\.plugins\org.eclipse.swt\EBWebView\Default lastActive=2026-09-01T12:41:53.867Z
2026-09-01 13:34:33.598: [INFO] OnDoneLoading sync enabled: 0
2026-09-01 13:34:33.598: [INFO] BookmarkModelLoaded, ids_reassigned: 0
2026-09-01 13:34:33.598: [INFO] BookmarksLoadDropped droppedNodes=0
2026-09-01 13:34:33.598: [INFO] BookmarksSnapshot Startup total=0 bar=0 other=0 mobile=0 showBar=0 showBarNTP=1
2026-09-01 13:34:37.124: [INFO] BookmarksSnapshot Shutdown total=0 bar=0 other=0 mobile=0 showBar=0 showBarNTP=1
2026-09-01 13:41:36.200: [INFO] CurrentProfilePath: C:\Users\UPN\Desktop\Nueva carpeta\.metadata\.plugins\org.eclipse.swt\EBWebView\Default
2026-09-01 13:41:36.200: [INFO] Profiles total count: 1
2026-09-01 13:41:36.200: [INFO] Profile: name=Perfil 1 path=C:\Users\UPN\Desktop\Nueva carpeta\.metadata\.plugins\org.eclipse.swt\EBWebView\Default lastActive=2026-09-01T12:41:53.867Z
2026-09-01 13:41:36.200: [INFO] LastUsedProfileDir: C:\Users\UPN\Desktop\Nueva carpeta\.metadata\.plugins\org.eclipse.swt\EBWebView\Default
2026-09-01 13:41:36.200: [INFO] MostRecentlyActiveProfile: name=Perfil 1 path=C:\Users\UPN\Desktop\Nueva carpeta\.metadata\.plugins\org.eclipse.swt\EBWebView\Default lastActive=2026-09-01T12:41:53.867Z
2026-09-01 13:41:36.200: [INFO] OnDoneLoading sync enabled: 0
2026-09-01 13:41:36.200: [INFO] BookmarkModelLoaded, ids_reassigned: 0
2026-09-01 13:41:36.200: [INFO] BookmarksLoadDropped droppedNodes=0
2026-09-01 13:41:36.200: [INFO] BookmarksSnapshot Startup total=0 bar=0 other=0 mobile=0 showBar=0 showBarNTP=1
2026-09-01 13:41:36.249: [INFO] BookmarksSnapshot Shutdown total=0 bar=0 other=0 mobile=0 showBar=0 showBarNTP=1
2026-09-01 13:42:46.614: [INFO] CurrentProfilePath: C:\Users\UPN\Desktop\Nueva carpeta\.metadata\.plugins\org.eclipse.swt\EBWebView\Default
2026-09-01 13:42:46.614: [INFO] Profiles total count: 1
2026-09-01 13:42:46.614: [INFO] Profile: name=Perfil 1 path=C:\Users\UPN\Desktop\Nueva carpeta\.metadata\.plugins\org.eclipse.swt\EBWebView\Default lastActive=2026-09-01T12:41:53.867Z
2026-09-01 13:42:46.614: [INFO] LastUsedProfileDir: C:\Users\UPN\Desktop\Nueva carpeta\.metadata\.plugins\org.eclipse.swt\EBWebView\Default
2026-09-01 13:42:46.614: [INFO] MostRecentlyActiveProfile: name=Perfil 1 path=C:\Users\UPN\Desktop\Nueva carpeta\.metadata\.plugins\org.eclipse.swt\EBWebView\Default lastActive=2026-09-01T12:41:53.867Z
2026-09-01 13:42:46.614: [INFO] OnDoneLoading sync enabled: 0
2026-09-01 13:42:46.614: [INFO] BookmarkModelLoaded, ids_reassigned: 0
2026-09-01 13:42:46.614: [INFO] BookmarksLoadDropped droppedNodes=0
2026-09-01 13:42:46.614: [INFO] BookmarksSnapshot Startup total=0 bar=0 other=0 mobile=0 showBar=0 showBarNTP=1
2026-09-01 13:44:56.012: [INFO] BookmarksSnapshot Shutdown total=0 bar=0 other=0 mobile=0 showBar=0 showBarNTP=1
2026-09-01 13:44:56.068: [INFO] CurrentProfilePath: C:\Users\UPN\Desktop\Nueva carpeta\.metadata\.plugins\org.eclipse.swt\EBWebView\Default
2026-09-01 13:44:56.068: [INFO] Profiles total count: 1
2026-09-01 13:44:56.068: [INFO] Profile: name=Perfil 1 path=C:\Users\UPN\Desktop\Nueva carpeta\.metadata\.plugins\org.eclipse.swt\EBWebView\Default lastActive=2026-09-01T12:41:53.867Z
2026-09-01 13:44:56.068: [INFO] LastUsedProfileDir: C:\Users\UPN\Desktop\Nueva carpeta\.metadata\.plugins\org.eclipse.swt\EBWebView\Default
2026-09-01 13:44:56.068: [INFO] MostRecentlyActiveProfile: name=Perfil 1 path=C:\Users\UPN\Desktop\Nueva carpeta\.metadata\.plugins\org.eclipse.swt\EBWebView\Default lastActive=2026-09-01T12:41:53.867Z
2026-09-01 13:44:56.068: [INFO] OnDoneLoading sync enabled: 0
2026-09-01 13:44:56.068: [INFO] BookmarkModelLoaded, ids_reassigned: 0
2026-09-01 13:44:56.068: [INFO] BookmarksLoadDropped droppedNodes=0
2026-09-01 13:44:56.068: [INFO] BookmarksSnapshot Startup total=0 bar=0 other=0 mobile=0 showBar=0 showBarNTP=1
2026-09-01 13:46:13.406: [INFO] BookmarksSnapshot Shutdown total=0 bar=0 other=0 mobile=0 showBar=0 showBarNTP=1
2026-09-01 13:46:32.111: [INFO] CurrentProfilePath: C:\Users\UPN\Desktop\Nueva carpeta\.metadata\.plugins\org.eclipse.swt\EBWebView\Default
2026-09-01 13:46:32.111: [INFO] Profiles total count: 1
2026-09-01 13:46:32.111: [INFO] Profile: name=Perfil 1 path=C:\Users\UPN\Desktop\Nueva carpeta\.metadata\.plugins\org.eclipse.swt\EBWebView\Default lastActive=2026-09-01T12:41:53.867Z
2026-09-01 13:46:32.111: [INFO] LastUsedProfileDir: C:\Users\UPN\Desktop\Nueva carpeta\.metadata\.plugins\org.eclipse.swt\EBWebView\Default
2026-09-01 13:46:32.111: [INFO] MostRecentlyActiveProfile: name=Perfil 1 path=C:\Users\UPN\Desktop\Nueva carpeta\.metadata\.plugins\org.eclipse.swt\EBWebView\Default lastActive=2026-09-01T12:41:53.867Z
2026-09-01 13:46:32.111: [INFO] OnDoneLoading sync enabled: 0
2026-09-01 13:46:32.111: [INFO] BookmarkModelLoaded, ids_reassigned: 0
2026-09-01 13:46:32.111: [INFO] BookmarksLoadDropped droppedNodes=0
2026-09-01 13:46:32.111: [INFO] BookmarksSnapshot Startup total=0 bar=0 other=0 mobile=0 showBar=0 showBarNTP=1
2026-09-01 13:46:49.615: [INFO] BookmarksSnapshot Shutdown total=0 bar=0 other=0 mobile=0 showBar=0 showBarNTP=1
2026-09-01 13:47:00.650: [INFO] CurrentProfilePath: C:\Users\UPN\Desktop\Nueva carpeta\.metadata\.plugins\org.eclipse.swt\EBWebView\Default
2026-09-01 13:47:00.650: [INFO] Profiles total count: 1
2026-09-01 13:47:00.650: [INFO] Profile: name=Perfil 1 path=C:\Users\UPN\Desktop\Nueva carpeta\.metadata\.plugins\org.eclipse.swt\EBWebView\Default lastActive=2026-09-01T12:41:53.867Z
2026-09-01 13:47:00.650: [INFO] LastUsedProfileDir: C:\Users\UPN\Desktop\Nueva carpeta\.metadata\.plugins\org.eclipse.swt\EBWebView\Default
2026-09-01 13:47:00.650: [INFO] MostRecentlyActiveProfile: name=Perfil 1 path=C:\Users\UPN\Desktop\Nueva carpeta\.metadata\.plugins\org.eclipse.swt\EBWebView\Default lastActive=2026-09-01T12:41:53.867Z
2026-09-01 13:47:00.650: [INFO] OnDoneLoading sync enabled: 0
2026-09-01 13:47:00.650: [INFO] BookmarkModelLoaded, ids_reassigned: 0
2026-09-01 13:47:00.650: [INFO] BookmarksLoadDropped droppedNodes=0
2026-09-01 13:47:00.650: [INFO] BookmarksSnapshot Startup total=0 bar=0 other=0 mobile=0 showBar=0 showBarNTP=1
2026-09-01 13:49:54.554: [INFO] BookmarksSnapshot Shutdown total=0 bar=0 other=0 mobile=0 showBar=0 showBarNTP=1
2026-09-01 13:54:09.800: [INFO] CurrentProfilePath: C:\Users\UPN\Desktop\Nueva carpeta\.metadata\.plugins\org.eclipse.swt\EBWebView\Default
2026-09-01 13:54:09.800: [INFO] Profiles total count: 1
2026-09-01 13:54:09.800: [INFO] Profile: name=Perfil 1 path=C:\Users\UPN\Desktop\Nueva carpeta\.metadata\.plugins\org.eclipse.swt\EBWebView\Default lastActive=2026-09-01T12:41:53.867Z
2026-09-01 13:54:09.800: [INFO] LastUsedProfileDir: C:\Users\UPN\Desktop\Nueva carpeta\.metadata\.plugins\org.eclipse.swt\EBWebView\Default
2026-09-01 13:54:09.800: [INFO] MostRecentlyActiveProfile: name=Perfil 1 path=C:\Users\UPN\Desktop\Nueva carpeta\.metadata\.plugins\org.eclipse.swt\EBWebView\Default lastActive=2026-09-01T12:41:53.867Z
2026-09-01 13:54:09.800: [INFO] OnDoneLoading sync enabled: 0
2026-09-01 13:54:09.800: [INFO] BookmarkModelLoaded, ids_reassigned: 0
2026-09-01 13:54:09.800: [INFO] BookmarksLoadDropped droppedNodes=0
2026-09-01 13:54:09.800: [INFO] BookmarksSnapshot Startup total=0 bar=0 other=0 mobile=0 showBar=0 showBarNTP=1
2026-09-01 13:54:13.161: [INFO] BookmarksSnapshot Shutdown total=0 bar=0 other=0 mobile=0 showBar=0 showBarNTP=1
2026-09-01 13:54:43.147: [INFO] CurrentProfilePath: C:\Users\UPN\Desktop\Nueva carpeta\.metadata\.plugins\org.eclipse.swt\EBWebView\Default
2026-09-01 13:54:43.147: [INFO] Profiles total count: 1
2026-09-01 13:54:43.148: [INFO] Profile: name=Perfil 1 path=C:\Users\UPN\Desktop\Nueva carpeta\.metadata\.plugins\org.eclipse.swt\EBWebView\Default lastActive=2026-09-01T12:41:53.867Z
2026-09-01 13:54:43.148: [INFO] LastUsedProfileDir: C:\Users\UPN\Desktop\Nueva carpeta\.metadata\.plugins\org.eclipse.swt\EBWebView\Default
2026-09-01 13:54:43.148: [INFO] MostRecentlyActiveProfile: name=Perfil 1 path=C:\Users\UPN\Desktop\Nueva carpeta\.metadata\.plugins\org.eclipse.swt\EBWebView\Default lastActive=2026-09-01T12:41:53.867Z
2026-09-01 13:54:43.148: [INFO] OnDoneLoading sync enabled: 0
2026-09-01 13:54:43.148: [INFO] BookmarkModelLoaded, ids_reassigned: 0
2026-09-01 13:54:43.148: [INFO] BookmarksLoadDropped droppedNodes=0
2026-09-01 13:54:43.148: [INFO] BookmarksSnapshot Startup total=0 bar=0 other=0 mobile=0 showBar=0 showBarNTP=1
2026-09-01 13:54:43.191: [INFO] BookmarksSnapshot Shutdown total=0 bar=0 other=0 mobile=0 showBar=0 showBarNTP=1
2026-09-01 13:57:23.495: [INFO] CurrentProfilePath: C:\Users\UPN\Desktop\Nueva carpeta\.metadata\.plugins\org.eclipse.swt\EBWebView\Default
2026-09-01 13:57:23.495: [INFO] Profiles total count: 1
2026-09-01 13:57:23.495: [INFO] Profile: name=Perfil 1 path=C:\Users\UPN\Desktop\Nueva carpeta\.metadata\.plugins\org.eclipse.swt\EBWebView\Default lastActive=2026-09-01T12:41:53.867Z
2026-09-01 13:57:23.495: [INFO] LastUsedProfileDir: C:\Users\UPN\Desktop\Nueva carpeta\.metadata\.plugins\org.eclipse.swt\EBWebView\Default
2026-09-01 13:57:23.495: [INFO] MostRecentlyActiveProfile: name=Perfil 1 path=C:\Users\UPN\Desktop\Nueva carpeta\.metadata\.plugins\org.eclipse.swt\EBWebView\Default lastActive=2026-09-01T12:41:53.867Z
2026-09-01 13:57:23.495: [INFO] OnDoneLoading sync enabled: 0
2026-09-01 13:57:23.495: [INFO] BookmarkModelLoaded, ids_reassigned: 0
2026-09-01 13:57:23.495: [INFO] BookmarksLoadDropped droppedNodes=0
2026-09-01 13:57:23.495: [INFO] BookmarksSnapshot Startup total=0 bar=0 other=0 mobile=0 showBar=0 showBarNTP=1
2026-09-01 13:57:26.241: [INFO] BookmarksSnapshot Shutdown total=0 bar=0 other=0 mobile=0 showBar=0 showBarNTP=1
2026-09-01 13:57:40.296: [INFO] CurrentProfilePath: C:\Users\UPN\Desktop\Nueva carpeta\.metadata\.plugins\org.eclipse.swt\EBWebView\Default
2026-09-01 13:57:40.296: [INFO] Profiles total count: 1
2026-09-01 13:57:40.296: [INFO] Profile: name=Perfil 1 path=C:\Users\UPN\Desktop\Nueva carpeta\.metadata\.plugins\org.eclipse.swt\EBWebView\Default lastActive=2026-09-01T12:41:53.867Z
2026-09-01 13:57:40.296: [INFO] LastUsedProfileDir: C:\Users\UPN\Desktop\Nueva carpeta\.metadata\.plugins\org.eclipse.swt\EBWebView\Default
2026-09-01 13:57:40.296: [INFO] MostRecentlyActiveProfile: name=Perfil 1 path=C:\Users\UPN\Desktop\Nueva carpeta\.metadata\.plugins\org.eclipse.swt\EBWebView\Default lastActive=2026-09-01T12:41:53.867Z
2026-09-01 13:57:40.296: [INFO] OnDoneLoading sync enabled: 0
2026-09-01 13:57:40.296: [INFO] BookmarkModelLoaded, ids_reassigned: 0
2026-09-01 13:57:40.296: [INFO] BookmarksLoadDropped droppedNodes=0
2026-09-01 13:57:40.296: [INFO] BookmarksSnapshot Startup total=0 bar=0 other=0 mobile=0 showBar=0 showBarNTP=1
2026-09-01 13:58:14.183: [INFO] BookmarksSnapshot Shutdown total=0 bar=0 other=0 mobile=0 showBar=0 showBarNTP=1
2026-09-01 18:05:35.584: [INFO] OnDoneLoading sync enabled: 0
2026-09-01 18:06:02.085: [INFO] OnDoneLoading sync enabled: 0
